p   1   3235 chars  conf 0.902
p   2    234 chars  conf 0.864
p   3   3215 chars  conf 0.911
p   4    236 chars  conf 0.903
p   5    197 chars  conf 0.461
p   6   2435 chars  conf 0.948
p   7   1521 chars  conf 0.935
p   8    177 chars  conf 0.71
p   9    428 chars  conf 0.76
p  10    309 chars  conf 0.454
p  11   2788 chars  conf 0.909
p  12   1213 chars  conf 0.91
p  13     93 chars  conf 0.596
p  14   1680 chars  conf 0.738
p  15    143 chars  conf 0.469
p  16   3014 chars  conf 0.88
p  17   1714 chars  conf 0.92
p  18   2016 chars  conf 0.946
p  19   3150 chars  conf 0.869
p  20   3164 chars  conf 0.92
p  21    328 chars  conf 0.458
p  22    143 chars  conf 0.393
p  23   1573 chars  conf 0.898
p  24    736 chars  conf 0.85
p  25   1392 chars  conf 0.946
p  26   2077 chars  conf 0.904
p  27   2392 chars  conf 0.867
p  28      0 chars  conf 0.0
p  29   3985 chars  conf 0.931
p  30     86 chars  conf 0.519
p  31   4507 chars  conf 0.871
p  32   4817 chars  conf 0.875
p  33    343 chars  conf 0.661
p  34   1569 chars  conf 0.732
p  35   3007 chars  conf 0.799
p  36   2882 chars  conf 0.732
p  37   2856 chars  conf 0.729
p  38   3054 chars  conf 0.751
p  39   2417 chars  conf 0.804
p  40   3245 chars  conf 0.795
p  41   3418 chars  conf 0.816
p  42   3289 chars  conf 0.817
p  43   3274 chars  conf 0.799
p  44   3269 chars  conf 0.78
p  45   2568 chars  conf 0.814
p  46   2901 chars  conf 0.769
p  47   3222 chars  conf 0.812
p  48   3023 chars  conf 0.782
p  49   2006 chars  conf 0.786
p  50   3234 chars  conf 0.787
p  51   3325 chars  conf 0.8
p  52   3108 chars  conf 0.766
p  53   3155 chars  conf 0.78
p  54   3197 chars  conf 0.744
p  55   3383 chars  conf 0.752
p  56   3342 chars  conf 0.764
p  57   3494 chars  conf 0.75
p  58   3347 chars  conf 0.756
p  59   3865 chars  conf 0.745
p  60   3255 chars  conf 0.715
p  61   3518 chars  conf 0.727
p  62   3310 chars  conf 0.674
p  63   2745 chars  conf 0.772
p  64   3220 chars  conf 0.719
p  65   2986 chars  conf 0.779
p  66   2596 chars  conf 0.727
p  67   1008 chars  conf 0.798
p  68    298 chars  conf 0.614
p  69   1452 chars  conf 0.736
p  70   3033 chars  conf 0.782
p  71   3092 chars  conf 0.783
p  72   3091 chars  conf 0.768
p  73   3337 chars  conf 0.783
p  74   2424 chars  conf 0.813
p  75   3261 chars  conf 0.817
p  76   3428 chars  conf 0.817
p  77   3299 chars  conf 0.816
p  78   3192 chars  conf 0.805
p  79   3266 chars  conf 0.797
p  80   2632 chars  conf 0.79
p  81   2930 chars  conf 0.784
p  82   3234 chars  conf 0.817
p  83   3051 chars  conf 0.817
p  84   2044 chars  conf 0.821
p  85   3247 chars  conf 0.825
p  86   3319 chars  conf 0.828
p  87   3246 chars  conf 0.826
p  88   3158 chars  conf 0.815
p  89   3264 chars  conf 0.766
p  90   3335 chars  conf 0.776
p  91   3360 chars  conf 0.768
p  92   3516 chars  conf 0.768
p  93   3334 chars  conf 0.792
p  94   3831 chars  conf 0.785
p  95   3227 chars  conf 0.782
p  96   3455 chars  conf 0.767
p  97   3352 chars  conf 0.757
p  98   2740 chars  conf 0.816
p  99   3287 chars  conf 0.81
p 100   3018 chars  conf 0.813
p 101   2660 chars  conf 0.791
p 102    969 chars  conf 0.816
p 103     68 chars  conf 0.409
p 104     63 chars  conf 0.803
p 105    104 chars  conf 0.768
p 106     90 chars  conf 0.859
p 107    279 chars  conf 0.481
p 108     95 chars  conf 0.767
p 109    113 chars  conf 0.874
p 110   3099 chars  conf 0.95
p 111   1998 chars  conf 0.948
p 112    596 chars  conf 0.752
p 113    146 chars  conf 0.749
p 114     39 chars  conf 0.357
p 115     65 chars  conf 0.911
p 116     70 chars  conf 0.583
p 117    152 chars  conf 0.821
p 118     33 chars  conf 0.954
p 119    948 chars  conf 0.92
p 120   1755 chars  conf 0.95
p 121   1496 chars  conf 0.942
p 122    152 chars  conf 0.756
p 123   1504 chars  conf 0.946
p 124   1791 chars  conf 0.914
p 125   1773 chars  conf 0.95
p 126    692 chars  conf 0.906
p 127   1544 chars  conf 0.947
p 128    491 chars  conf 0.842
p 129   1293 chars  conf 0.925
p 130    119 chars  conf 0.943
p 131   1820 chars  conf 0.948
p 132   1343 chars  conf 0.951
p 133    196 chars  conf 0.505
p 134   1473 chars  conf 0.953
p 135   1393 chars  conf 0.945
p 136    758 chars  conf 0.939
p 137   1341 chars  conf 0.951
p 138    307 chars  conf 0.947
p 139   1561 chars  conf 0.947
p 140   1722 chars  conf 0.948
p 141   1840 chars  conf 0.946
p 142   1783 chars  conf 0.953
p 143   1930 chars  conf 0.947
p 144    186 chars  conf 0.704
p 145   1139 chars  conf 0.803
p 146      0 chars  conf 0.0
p 147     29 chars  conf 0.884
p 148      9 chars  conf 0.719
p 149     41 chars  conf 0.81
p 150     37 chars  conf 0.947
p 151    163 chars  conf 0.923
p 152     32 chars  conf 0.933
p 153    943 chars  conf 0.932
p 154   1752 chars  conf 0.951
p 155    170 chars  conf 0.675
p 156   1518 chars  conf 0.936
p 157   1511 chars  conf 0.945
p 158   1736 chars  conf 0.944
p 159   1783 chars  conf 0.952
p 160    700 chars  conf 0.942
p 161   1543 chars  conf 0.948
p 162    412 chars  conf 0.842
p 163   1302 chars  conf 0.919
p 164    123 chars  conf 0.889
p 165   1839 chars  conf 0.952
p 166     47 chars  conf 0.965
p 167   1360 chars  conf 0.947
p 168   1472 chars  conf 0.953
p 169   1392 chars  conf 0.946
p 170    749 chars  conf 0.944
p 171   1342 chars  conf 0.945
p 172    309 chars  conf 0.947
p 173   1578 chars  conf 0.952
p 174   1721 chars  conf 0.946
p 175   1835 chars  conf 0.947
p 176   1787 chars  conf 0.95
p 177    224 chars  conf 0.553
p 178   1924 chars  conf 0.951
p 179   1196 chars  conf 0.827
p 180    151 chars  conf 0.548
p 181     97 chars  conf 0.622
p 182    101 chars  conf 0.574
p 183   4314 chars  conf 0.949
p 184    864 chars  conf 0.939
p 185   3680 chars  conf 0.942
p 186   3158 chars  conf 0.938
p 187    129 chars  conf 0.602
p 188   3562 chars  conf 0.95
p 189   3215 chars  conf 0.95
p 190   4608 chars  conf 0.947
p 191      0 chars  conf 0.0
p 192   5025 chars  conf 0.945
p 193   4524 chars  conf 0.943
p 194    420 chars  conf 0.524
p 195     27 chars  conf 0.77
p 196   1595 chars  conf 0.944
p 197   1382 chars  conf 0.868
p 198    221 chars  conf 0.593
p 199   3200 chars  conf 0.947
p 200     28 chars  conf 0.893
p 201   2322 chars  conf 0.951
p 202     39 chars  conf 0.936
p 203   3138 chars  conf 0.949
p 204     44 chars  conf 0.377
p 205   3162 chars  conf 0.948
p 206     56 chars  conf 0.666
p 207   2343 chars  conf 0.945
p 208   1302 chars  conf 0.932
p 209     50 chars  conf 0.475
p 210   1633 chars  conf 0.809
p 211      3 chars  conf 0.729
p 212     44 chars  conf 0.359
p 213     36 chars  conf 0.397
p 214     85 chars  conf 0.697
p 215     12 chars  conf 0.778
p 216     95 chars  conf 0.521
p 217     87 chars  conf 0.429
p 218    110 chars  conf 0.613
p 219    144 chars  conf 0.583
p 220    134 chars  conf 0.583
p 221      0 chars  conf 0.0
p 222     24 chars  conf 0.463
p 223      0 chars  conf 0.0
p 224      0 chars  conf 0.0
p 225   5586 chars  conf 0.927
p 226    892 chars  conf 0.941
p 227   1443 chars  conf 0.93
p 228   7071 chars  conf 0.938
p 229  13149 chars  conf 0.93
p 230   3640 chars  conf 0.886
p 231   3172 chars  conf 0.909
p 232   5022 chars  conf 0.931
p 233    358 chars  conf 0.903
p 234   3154 chars  conf 0.941
p 235   7402 chars  conf 0.924
p 236   5788 chars  conf 0.942
p 237  10045 chars  conf 0.926
p 238   4980 chars  conf 0.929
p 239   3362 chars  conf 0.941
p 240   4408 chars  conf 0.942
p 241   5228 chars  conf 0.91
p 242  13310 chars  conf 0.936
p 243  20562 chars  conf 0.938
p 244  21955 chars  conf 0.94
p 245  18598 chars  conf 0.938
p 246  14702 chars  conf 0.928
p 247  18104 chars  conf 0.918
p 248      0 chars  conf 0.0
p 249   1376 chars  conf 0.403
p 250    295 chars  conf 0.642
p 251   1676 chars  conf 0.44
p 252   1771 chars  conf 0.484

252 pages -> /Users/sinairusinek/Documents/GitHub/JeckeArchive/data/recatalog/0444-3/ocr_tesseract
